File_Handling.c:37:6:Send_Usart	16	static
File_Handling.c:45:6:Mount_USB	8	static
File_Handling.c:64:6:Unmount_USB	8	static
File_Handling.c:72:9:Scan_USB	112	static
File_Handling.c:115:9:Format_USB	96	static
File_Handling.c:149:9:Write_File	40	static
File_Handling.c:213:9:Read_File	48	static
File_Handling.c:285:9:Create_File	40	static
File_Handling.c:334:9:Update_File	48	static
File_Handling.c:403:9:Remove_File	32	static
File_Handling.c:438:9:Create_Dir	24	static
File_Handling.c:458:6:Check_USB_Details	16	static
