18:54:33 **** Incremental Build of configuration Debug for project mallard ****
make -j12 all 
arm-none-eabi-gcc "../Core/Src/main.c" -mcpu=cortex-m4 -std=gnu11 -g3 -DDEBUG -DUSE_HAL_DRIVER -DSTM32L496xx -c -I../USB_HOST/App -I../USB_HOST/Target -I../Core/Inc -I../Drivers/STM32L4xx_HAL_Driver/Inc -I../Drivers/STM32L4xx_HAL_Driver/Inc/Legacy -I../Middlewares/ST/STM32_USB_Host_Library/Core/Inc -I../Middlewares/ST/STM32_USB_Host_Library/Class/AUDIO/Inc -I../Drivers/CMSIS/Device/ST/STM32L4xx/Include -I../Drivers/CMSIS/Include -O0 -ffunction-sections -fdata-sections -Wall -fstack-usage -MMD -MP -MF"Core/Src/main.d" -MT"Core/Src/main.o" --specs=nano.specs -mfpu=fpv4-sp-d16 -mfloat-abi=hard -mthumb -o "Core/Src/main.o"
../Core/Src/main.c: In function 'main':
../Core/Src/main.c:175:12: warning: variable 'ADC_READING' set but not used [-Wunused-but-set-variable]
  175 |   uint16_t ADC_READING = 0;
      |            ^~~~~~~~~~~
arm-none-eabi-gcc -o "mallard.elf" @"objects.list"   -mcpu=cortex-m4 -T"F:\electricalDesignProjects\mallard\firmware\mallard\STM32L496ZGTXP_FLASH.ld" --specs=nosys.specs -Wl,-Map="mallard.map" -Wl,--gc-sections -static --specs=nano.specs -mfpu=fpv4-sp-d16 -mfloat-abi=hard -mthumb -Wl,--start-group -lc -lm -Wl,--end-group
Finished building target: mallard.elf
 
arm-none-eabi-objdump -h -S  mallard.elf  > "mallard.list"
arm-none-eabi-objcopy  -O binary  mallard.elf  "mallard.bin"
arm-none-eabi-size   mallard.elf 
   text	   data	    bss	    dec	    hex	filename
  45292	    152	   3840	  49284	   c084	mallard.elf
Finished building: default.size.stdout
 
Finished building: mallard.bin
 
Finished building: mallard.list
 
