21:57:53 **** Incremental Build of configuration Debug for project mallard ****
make -j12 all 
arm-none-eabi-gcc "../Core/Src/main.c" -mcpu=cortex-m4 -std=gnu11 -g3 -DDEBUG -DUSE_HAL_DRIVER -DSTM32L496xx -c -I../USB_HOST/App -I../USB_HOST/Target -I../Core/Inc -I../Drivers/STM32L4xx_HAL_Driver/Inc -I../Drivers/STM32L4xx_HAL_Driver/Inc/Legacy -I../Middlewares/ST/STM32_USB_Host_Library/Core/Inc -I../Middlewares/ST/STM32_USB_Host_Library/Class/AUDIO/Inc -I../Drivers/CMSIS/Device/ST/STM32L4xx/Include -I../Drivers/CMSIS/Include -O0 -ffunction-sections -fdata-sections -Wall -fstack-usage -MMD -MP -MF"Core/Src/main.d" -MT"Core/Src/main.o" --specs=nano.specs -mfpu=fpv4-sp-d16 -mfloat-abi=hard -mthumb -o "Core/Src/main.o"
../Core/Src/main.c: In function 'setTime':
../Core/Src/main.c:72:18: warning: variable 'sDate' set but not used [-Wunused-but-set-variable]
   72 |  RTC_DateTypeDef sDate;
      |                  ^~~~~
../Core/Src/main.c:71:18: warning: variable 'sTime' set but not used [-Wunused-but-set-variable]
   71 |  RTC_TimeTypeDef sTime;
      |                  ^~~~~
../Core/Src/main.c: In function 'setAlarm':
../Core/Src/main.c:89:19: warning: variable 'sAlarm' set but not used [-Wunused-but-set-variable]
   89 |  RTC_AlarmTypeDef sAlarm;
      |                   ^~~~~~
arm-none-eabi-gcc -o "mallard.elf" @"objects.list"   -mcpu=cortex-m4 -T"F:\electricalDesignProjects\mallard\firmware\mallard\STM32L496ZGTXP_FLASH.ld" --specs=nosys.specs -Wl,-Map="mallard.map" -Wl,--gc-sections -static --specs=nano.specs -mfpu=fpv4-sp-d16 -mfloat-abi=hard -mthumb -Wl,--start-group -lc -lm -Wl,--end-group
Finished building target: mallard.elf
 
arm-none-eabi-objdump -h -S  mallard.elf  > "mallard.list"
arm-none-eabi-objcopy  -O binary  mallard.elf  "mallard.bin"
arm-none-eabi-size   mallard.elf 
   text	   data	    bss	    dec	    hex	filename
  40660	    152	   3736	  44548	   ae04	mallard.elf
Finished building: default.size.stdout
 
Finished building: mallard.bin
 
Finished building: mallard.list
 

21:57:55 Build Finished. 0 errors, 3 warnings. (took 1s.384ms)

